2025-07-02 00:07:54,331 - bqitech - INFO - Received GET /blog request
2025-07-02 00:07:54,331 - bqitech - INFO - Query parameters: skip=0, limit=9, category=None
2025-07-02 00:07:54,332 - bqitech - INFO - Request headers: {'host': 'localhost:9000', 'connection': 'keep-alive', 'sec-ch-ua-platform': '"Windows"', 'user-agent': 'Mozilla/5.0 (Windows NT 10.0; Win64; x64) AppleWebKit/537.36 (KHTML, like Gecko) Chrome/138.0.0.0 Safari/537.36', 'sec-ch-ua': '"Not)A;Brand";v="8", "Chromium";v="138", "Google Chrome";v="138"', 'sec-ch-ua-mobile': '?0', 'accept': '*/*', 'origin': 'http://localhost:3000', 'sec-fetch-site': 'same-site', 'sec-fetch-mode': 'cors', 'sec-fetch-dest': 'empty', 'referer': 'http://localhost:3000/', 'accept-encoding': 'gzip, deflate, br, zstd', 'accept-language': 'en-US,en;q=0.9'}
2025-07-02 00:07:54,332 - bqitech - INFO - MongoDB query: {'$or': [{'isPublished': True}, {'published': True}]}
2025-07-02 00:07:54,514 - bqitech - INFO - Found 1 posts out of 1 total
2025-07-02 00:07:54,514 - bqitech - INFO - Successfully prepared response
2025-07-02 00:08:05,473 - bqitech - INFO - Received GET /blog/by-slug/the-future-of-custom-software-development-a-cto-s-perspective request
2025-07-02 00:08:05,478 - bqitech - INFO - Searching for blog post with slug: the-future-of-custom-software-development-a-cto-s-perspective
2025-07-02 00:08:05,572 - bqitech - INFO - Query result: Found
2025-07-02 00:08:05,577 - bqitech - INFO - Successfully prepared blog post response for slug: the-future-of-custom-software-development-a-cto-s-perspective
2025-07-02 00:50:16,272 - bqitech - INFO - Received GET /blog/by-slug/the-future-of-custom-software-development-a-cto-s-perspective request
2025-07-02 00:50:16,274 - bqitech - INFO - Searching for blog post with slug: the-future-of-custom-software-development-a-cto-s-perspective
2025-07-02 00:50:16,349 - bqitech - INFO - Query result: Found
2025-07-02 00:50:16,349 - bqitech - INFO - Successfully prepared blog post response for slug: the-future-of-custom-software-development-a-cto-s-perspective
2025-07-02 00:56:07,245 - bqitech - INFO - Received GET /blog/by-slug/the-future-of-custom-software-development-a-cto-s-perspective request
2025-07-02 00:56:07,248 - bqitech - INFO - Searching for blog post with slug: the-future-of-custom-software-development-a-cto-s-perspective
2025-07-02 00:56:07,345 - bqitech - INFO - Query result: Found
2025-07-02 00:56:07,347 - bqitech - INFO - Successfully prepared blog post response for slug: the-future-of-custom-software-development-a-cto-s-perspective
2025-07-02 01:36:50,286 - bqitech - INFO - Received GET /blog/by-slug/the-future-of-custom-software-development-a-cto-s-perspective request
2025-07-02 01:36:50,286 - bqitech - INFO - Searching for blog post with slug: the-future-of-custom-software-development-a-cto-s-perspective
2025-07-02 01:36:50,364 - bqitech - INFO - Query result: Found
2025-07-02 01:36:50,364 - bqitech - INFO - Successfully prepared blog post response for slug: the-future-of-custom-software-development-a-cto-s-perspective
2025-07-02 01:41:52,874 - bqitech - INFO - Received GET /blog/by-slug/the-future-of-custom-software-development-a-cto-s-perspective request
2025-07-02 01:41:52,875 - bqitech - INFO - Searching for blog post with slug: the-future-of-custom-software-development-a-cto-s-perspective
2025-07-02 01:41:52,949 - bqitech - INFO - Query result: Found
2025-07-02 01:41:52,951 - bqitech - INFO - Successfully prepared blog post response for slug: the-future-of-custom-software-development-a-cto-s-perspective
2025-07-02 01:46:54,010 - bqitech - INFO - Received GET /blog/by-slug/the-future-of-custom-software-development-a-cto-s-perspective request
2025-07-02 01:46:54,011 - bqitech - INFO - Searching for blog post with slug: the-future-of-custom-software-development-a-cto-s-perspective
2025-07-02 01:46:54,087 - bqitech - INFO - Query result: Found
2025-07-02 01:46:54,087 - bqitech - INFO - Successfully prepared blog post response for slug: the-future-of-custom-software-development-a-cto-s-perspective
2025-07-02 02:48:11,049 - bqitech - INFO - Received GET /blog request
2025-07-02 02:48:11,053 - bqitech - INFO - Query parameters: skip=0, limit=9, category=None
2025-07-02 02:48:11,053 - bqitech - INFO - Request headers: {'host': 'localhost:9000', 'connection': 'keep-alive', 'sec-ch-ua-platform': '"Windows"', 'user-agent': 'Mozilla/5.0 (Windows NT 10.0; Win64; x64) AppleWebKit/537.36 (KHTML, like Gecko) Chrome/138.0.0.0 Safari/537.36', 'sec-ch-ua': '"Not)A;Brand";v="8", "Chromium";v="138", "Google Chrome";v="138"', 'sec-ch-ua-mobile': '?0', 'accept': '*/*', 'origin': 'http://localhost:3000', 'sec-fetch-site': 'same-site', 'sec-fetch-mode': 'cors', 'sec-fetch-dest': 'empty', 'referer': 'http://localhost:3000/', 'accept-encoding': 'gzip, deflate, br, zstd', 'accept-language': 'en-US,en;q=0.9'}
2025-07-02 02:48:11,054 - bqitech - INFO - MongoDB query: {'$or': [{'isPublished': True}, {'published': True}]}
2025-07-02 02:48:11,304 - bqitech - INFO - Found 1 posts out of 1 total
2025-07-02 02:48:11,304 - bqitech - INFO - Successfully prepared response
2025-07-02 02:48:34,018 - bqitech - INFO - Received GET /blog/by-slug/the-future-of-custom-software-development-a-cto-s-perspective request
2025-07-02 02:48:34,018 - bqitech - INFO - Searching for blog post with slug: the-future-of-custom-software-development-a-cto-s-perspective
2025-07-02 02:48:34,196 - bqitech - INFO - Query result: Found
2025-07-02 02:48:34,196 - bqitech - INFO - Successfully prepared blog post response for slug: the-future-of-custom-software-development-a-cto-s-perspective
2025-07-02 02:53:11,789 - bqitech - INFO - Received GET /blog request
2025-07-02 02:53:11,789 - bqitech - INFO - Query parameters: skip=0, limit=9, category=None
2025-07-02 02:53:11,789 - bqitech - INFO - Request headers: {'host': 'localhost:9000', 'connection': 'keep-alive', 'user-agent': 'Mozilla/5.0 (iPhone; CPU iPhone OS 16_6 like Mac OS X) AppleWebKit/605.1.15 (KHTML, like Gecko) Version/16.6 Mobile/15E148 Safari/604.1', 'accept': '*/*', 'origin': 'http://localhost:3000', 'sec-fetch-site': 'same-site', 'sec-fetch-mode': 'cors', 'sec-fetch-dest': 'empty', 'referer': 'http://localhost:3000/', 'accept-encoding': 'gzip, deflate, br, zstd', 'accept-language': 'en-US,en;q=0.9'}
2025-07-02 02:53:11,789 - bqitech - INFO - MongoDB query: {'$or': [{'isPublished': True}, {'published': True}]}
2025-07-02 02:53:12,038 - bqitech - INFO - Found 1 posts out of 1 total
2025-07-02 02:53:12,038 - bqitech - INFO - Successfully prepared response
2025-07-02 02:57:36,962 - bqitech - INFO - Received GET /blog/by-slug/the-future-of-custom-software-development-a-cto-s-perspective request
2025-07-02 02:57:36,964 - bqitech - INFO - Searching for blog post with slug: the-future-of-custom-software-development-a-cto-s-perspective
2025-07-02 02:57:37,130 - bqitech - INFO - Query result: Found
2025-07-02 02:57:37,132 - bqitech - INFO - Successfully prepared blog post response for slug: the-future-of-custom-software-development-a-cto-s-perspective
2025-07-02 11:10:03,664 - bqitech - INFO - Received GET /blog request
2025-07-02 11:10:03,666 - bqitech - INFO - Query parameters: skip=0, limit=9, category=None
2025-07-02 11:10:03,666 - bqitech - INFO - Request headers: {'host': 'localhost:9000', 'connection': 'keep-alive', 'sec-ch-ua-platform': '"Windows"', 'user-agent': 'Mozilla/5.0 (Windows NT 10.0; Win64; x64) AppleWebKit/537.36 (KHTML, like Gecko) Chrome/138.0.0.0 Safari/537.36', 'sec-ch-ua': '"Not)A;Brand";v="8", "Chromium";v="138", "Google Chrome";v="138"', 'sec-ch-ua-mobile': '?0', 'accept': '*/*', 'origin': 'http://localhost:3000', 'sec-fetch-site': 'same-site', 'sec-fetch-mode': 'cors', 'sec-fetch-dest': 'empty', 'referer': 'http://localhost:3000/', 'accept-encoding': 'gzip, deflate, br, zstd', 'accept-language': 'en-US,en;q=0.9'}
2025-07-02 11:10:03,667 - bqitech - INFO - MongoDB query: {'$or': [{'isPublished': True}, {'published': True}]}
2025-07-02 11:10:03,832 - bqitech - INFO - Found 1 posts out of 1 total
2025-07-02 11:10:03,832 - bqitech - INFO - Successfully prepared response
2025-07-02 11:10:14,985 - bqitech - INFO - Received GET /blog/by-slug/the-future-of-custom-software-development-a-cto-s-perspective request
2025-07-02 11:10:14,985 - bqitech - INFO - Searching for blog post with slug: the-future-of-custom-software-development-a-cto-s-perspective
2025-07-02 11:10:15,065 - bqitech - INFO - Query result: Found
2025-07-02 11:10:15,065 - bqitech - INFO - Successfully prepared blog post response for slug: the-future-of-custom-software-development-a-cto-s-perspective
2025-07-02 11:20:26,318 - bqitech - INFO - Received GET /blog/by-slug/the-future-of-custom-software-development-a-cto-s-perspective request
2025-07-02 11:20:26,318 - bqitech - INFO - Searching for blog post with slug: the-future-of-custom-software-development-a-cto-s-perspective
2025-07-02 11:20:26,403 - bqitech - INFO - Query result: Found
2025-07-02 11:20:26,403 - bqitech - INFO - Successfully prepared blog post response for slug: the-future-of-custom-software-development-a-cto-s-perspective
